---
source: tests/test.rs
expression: out
input_file: tests/para.psc

---
Algoritmo test;
VariÃ¡vel
    a: real;
InÃ­cio
    a ğŸ ” (1 + 2) / 2;
Fim.

Program test;
Var
    a: real;
Begin
    a := (1 + 2) / 2;
End.

digraph {
start [shape=oval, label="InÃ­cio"]
end [shape=oval, label="Fim"]
stmt_0_0 [label = "a = (1 + 2) / 2", shape=box]
stmt_0_0 -> end

start -> stmt_0_0
}


